bcdae
16
0
0 1 2 5 7 10 11 12 14 
0,'b',1
0,'c',2
0,'d',3
0,'a',4
4,'e',5
5,'d',6
5,'a',4
6,'a',7
7,'d',8
7,'a',9
9,'e',10
10,'d',6
10,'a',9
8,'a',11
11,'d',8
11,'a',9
3,'a',12
12,'d',13
12,'a',9
13,'a',14
14,'d',13
14,'a',9
2,'b',1
2,'c',2
2,'d',3
2,'a',4
1,'b',1
1,'c',2
1,'d',3
1,'a',4
0,'e',15
1,'e',15
2,'e',15
3,'b',15
3,'c',15
3,'d',15
3,'e',15
4,'b',15
4,'c',15
4,'d',15
4,'a',15
5,'b',15
5,'c',15
5,'e',15
6,'b',15
6,'c',15
6,'d',15
6,'e',15
7,'b',15
7,'c',15
7,'e',15
8,'b',15
8,'c',15
8,'d',15
8,'e',15
9,'b',15
9,'c',15
9,'d',15
9,'a',15
10,'b',15
10,'c',15
10,'e',15
11,'b',15
11,'c',15
11,'e',15
12,'b',15
12,'c',15
12,'e',15
13,'b',15
13,'c',15
13,'d',15
13,'e',15
14,'b',15
14,'c',15
14,'e',15
15,'b',15
15,'c',15
15,'d',15
15,'a',15
15,'e',15
