01
11
0
5 
0,'0',1
1,'0',2
1,'1',3
3,'1',4
4,'0',5
4,'1',6
6,'0',5
6,'1',6
2,'1',7
7,'0',8
7,'1',4
8,'1',9
9,'0',8
9,'1',4
0,'1',10
2,'0',10
3,'0',10
5,'0',10
5,'1',10
8,'0',10
10,'0',10
10,'1',10
