bdc
9
0
5 
0,'b',1
1,'b',2
1,'d',3
3,'b',4
3,'c',5
4,'b',6
4,'d',7
7,'b',4
7,'c',5
6,'b',6
6,'d',7
2,'b',2
2,'d',3
0,'d',8
0,'c',8
1,'c',8
2,'c',8
3,'d',8
4,'c',8
5,'b',8
5,'d',8
5,'c',8
6,'c',8
7,'d',8
8,'b',8
8,'d',8
8,'c',8
