defc
10
0
0 2 3 5 6 7 8 
0,'d',1
0,'f',2
0,'c',3
3,'d',4
3,'f',5
3,'c',3
5,'d',4
5,'f',5
5,'c',6
6,'d',4
6,'f',5
6,'c',6
4,'e',7
7,'d',4
7,'f',5
7,'c',6
2,'d',1
2,'f',2
2,'c',6
1,'e',8
8,'d',1
8,'f',2
8,'c',6
0,'e',9
1,'d',9
1,'f',9
1,'c',9
2,'e',9
3,'e',9
4,'d',9
4,'f',9
4,'c',9
5,'e',9
6,'e',9
7,'e',9
8,'e',9
9,'d',9
9,'e',9
9,'f',9
9,'c',9
